<?xml version="1.0" encoding="utf-8"?>
<TestRun id="cbbbfa47-71db-4332-8bec-989d19ea1eef" name="mumlul@HOME-PC 2026-01-20 23:25:13" runUser="HOME-PC\mumlul" xmlns="http://microsoft.com/schemas/VisualStudio/TeamTest/2010">
  <Times creation="2026-01-20T23:25:13.6780600+05:00" queuing="2026-01-20T23:25:13.6780603+05:00" start="2026-01-20T23:25:12.8582833+05:00" finish="2026-01-20T23:25:14.5452347+05:00" />
  <TestSettings name="default" id="1e561647-e502-47ce-8d2b-63ac7ee40189">
    <Deployment runDeploymentRoot="mumlul_HOME-PC_2026-01-20_23_25_13" />
  </TestSettings>
  <Results>
    <UnitTestResult executionId="d3fe4e1b-032d-45ef-96a9-5697b3c359e6" testId="48553bd9-8d29-e5fc-1d42-d4364f5af64b" testName="CourseTests.CourseServiceTests.IsAuthorOfCourse_ShouldReturnTrueIfAuthor" computerName="HOME-PC" duration="00:00:00.0021054" startTime="2026-01-20T23:25:13.6590201+05:00" endTime="2026-01-20T23:25:13.6590202+05:00" testType="13cdc9d9-ddb5-4fa4-a97d-d965ccfc6d4b" outcome="Passed" testListId="8c84fa94-04c1-424b-9868-57a2d4851a1d" relativeResultsDirectory="d3fe4e1b-032d-45ef-96a9-5697b3c359e6" />
    <UnitTestResult executionId="fde5205f-d338-44d9-a4af-d18adcaba5c4" testId="121d9be7-7817-904e-a70b-712307175fd3" testName="CourseTests.TestUserService.DeleteUserById_ShouldRemoveUserAndProfile" computerName="HOME-PC" duration="00:00:00.0618662" startTime="2026-01-20T23:25:14.2256352+05:00" endTime="2026-01-20T23:25:14.2256353+05:00" testType="13cdc9d9-ddb5-4fa4-a97d-d965ccfc6d4b" outcome="Passed" testListId="8c84fa94-04c1-424b-9868-57a2d4851a1d" relativeResultsDirectory="fde5205f-d338-44d9-a4af-d18adcaba5c4" />
    <UnitTestResult executionId="c987e419-2092-49e9-84c6-2eeda9db63fd" testId="8147c34e-3750-07df-3d58-d2fd64b63a38" testName="CourseTests.TestUserService.GetUserProfile_ShouldReturnProfile" computerName="HOME-PC" duration="00:00:00.0491194" startTime="2026-01-20T23:25:14.3280650+05:00" endTime="2026-01-20T23:25:14.3280652+05:00" testType="13cdc9d9-ddb5-4fa4-a97d-d965ccfc6d4b" outcome="Passed" testListId="8c84fa94-04c1-424b-9868-57a2d4851a1d" relativeResultsDirectory="c987e419-2092-49e9-84c6-2eeda9db63fd" />
    <UnitTestResult executionId="41f6fe20-ca06-4c60-97b6-99e0f5bb1bd8" testId="aa9e6fe6-7cfe-ae92-1e05-70bd0e180339" testName="CourseTests.TestUserService.GetAllCourses_ShouldReturnUserCourses" computerName="HOME-PC" duration="00:00:00.0531404" startTime="2026-01-20T23:25:14.2788573+05:00" endTime="2026-01-20T23:25:14.2788575+05:00" testType="13cdc9d9-ddb5-4fa4-a97d-d965ccfc6d4b" outcome="Passed" testListId="8c84fa94-04c1-424b-9868-57a2d4851a1d" relativeResultsDirectory="41f6fe20-ca06-4c60-97b6-99e0f5bb1bd8" />
    <UnitTestResult executionId="a64c39c8-1e2c-45c4-a865-b968715bb27e" testId="96700654-e124-7643-635b-0a8b0bd73b4c" testName="CourseTests.LessonServiceTests.CreateLesson_ShouldAddLesson" computerName="HOME-PC" duration="00:00:00.0010451" startTime="2026-01-20T23:25:13.6800238+05:00" endTime="2026-01-20T23:25:13.6800239+05:00" testType="13cdc9d9-ddb5-4fa4-a97d-d965ccfc6d4b" outcome="Passed" testListId="8c84fa94-04c1-424b-9868-57a2d4851a1d" relativeResultsDirectory="a64c39c8-1e2c-45c4-a865-b968715bb27e" />
    <UnitTestResult executionId="b03f035b-7dca-4f17-9bc3-c4bcbd7ef7dc" testId="4ed18720-3d76-f691-1527-23a4eaca2e53" testName="CourseTests.LessonServiceTests.GetLessonFileName_ShouldThrowIfLessonNotFound" computerName="HOME-PC" duration="00:00:00.0015279" startTime="2026-01-20T23:25:13.6789106+05:00" endTime="2026-01-20T23:25:13.6789107+05:00" testType="13cdc9d9-ddb5-4fa4-a97d-d965ccfc6d4b" outcome="Passed" testListId="8c84fa94-04c1-424b-9868-57a2d4851a1d" relativeResultsDirectory="b03f035b-7dca-4f17-9bc3-c4bcbd7ef7dc" />
    <UnitTestResult executionId="a776110f-eb63-4512-a319-8a189f2eb707" testId="ec2bc176-94ae-251c-91d8-d3d828c175a1" testName="CourseTests.CourseServiceTests.CreateCourse_ShouldAddCourseAndAuthor" computerName="HOME-PC" duration="00:00:00.0212991" startTime="2026-01-20T23:25:13.6568694+05:00" endTime="2026-01-20T23:25:13.6568694+05:00" testType="13cdc9d9-ddb5-4fa4-a97d-d965ccfc6d4b" outcome="Passed" testListId="8c84fa94-04c1-424b-9868-57a2d4851a1d" relativeResultsDirectory="a776110f-eb63-4512-a319-8a189f2eb707" />
    <UnitTestResult executionId="92c0ec5b-14ec-4411-9383-c5f28b9a908e" testId="fae8cdb1-b285-3353-03ee-703c1bf79588" testName="CourseTests.TestUserService.CheckPassword_ShouldReturnTrueForCorrectPassword" computerName="HOME-PC" duration="00:00:00.1010984" startTime="2026-01-20T23:25:13.7794822+05:00" endTime="2026-01-20T23:25:13.7794825+05:00" testType="13cdc9d9-ddb5-4fa4-a97d-d965ccfc6d4b" outcome="Passed" testListId="8c84fa94-04c1-424b-9868-57a2d4851a1d" relativeResultsDirectory="92c0ec5b-14ec-4411-9383-c5f28b9a908e" />
    <UnitTestResult executionId="13591daa-6d88-476a-a530-67830751263c" testId="8f3c4239-d43c-0df4-dee1-121c003f4896" testName="CourseTests.TestUserService.GetUserById_ShouldReturnCorrectUser" computerName="HOME-PC" duration="00:00:00.0566825" startTime="2026-01-20T23:25:14.1637138+05:00" endTime="2026-01-20T23:25:14.1637139+05:00" testType="13cdc9d9-ddb5-4fa4-a97d-d965ccfc6d4b" outcome="Passed" testListId="8c84fa94-04c1-424b-9868-57a2d4851a1d" relativeResultsDirectory="13591daa-6d88-476a-a530-67830751263c" />
    <UnitTestResult executionId="e35f0e2e-ea1e-4da0-b4cf-a531e834adb0" testId="9f1cd254-3a9d-aaba-0c3f-b4aa5d69b357" testName="CourseTests.TestUserService.GetUserByUsername_ShouldReturnCorrectUser" computerName="HOME-PC" duration="00:00:00.0556095" startTime="2026-01-20T23:25:13.8351508+05:00" endTime="2026-01-20T23:25:13.8351509+05:00" testType="13cdc9d9-ddb5-4fa4-a97d-d965ccfc6d4b" outcome="Passed" testListId="8c84fa94-04c1-424b-9868-57a2d4851a1d" relativeResultsDirectory="e35f0e2e-ea1e-4da0-b4cf-a531e834adb0" />
    <UnitTestResult executionId="467be7e9-062e-4e9a-8377-7c7e4c44d05d" testId="a6800090-fe5a-4726-8458-9f8a0eb62285" testName="CourseTests.TestUserService.GetAithorsCurse_ShouldReturnAuthorsCourses" computerName="HOME-PC" duration="00:00:00.0551236" startTime="2026-01-20T23:25:13.9408379+05:00" endTime="2026-01-20T23:25:13.9408381+05:00" testType="13cdc9d9-ddb5-4fa4-a97d-d965ccfc6d4b" outcome="Passed" testListId="8c84fa94-04c1-424b-9868-57a2d4851a1d" relativeResultsDirectory="467be7e9-062e-4e9a-8377-7c7e4c44d05d" />
    <UnitTestResult executionId="c9b576f6-53e4-4421-8c49-365a5a285146" testId="6055938b-a1c9-5393-55dd-36d444c9dd96" testName="CourseTests.LessonServiceTests.GetAuthor_ShouldReturnTrueIfUserIsAuthor" computerName="HOME-PC" duration="00:00:00.0012082" startTime="2026-01-20T23:25:13.6651155+05:00" endTime="2026-01-20T23:25:13.6651156+05:00" testType="13cdc9d9-ddb5-4fa4-a97d-d965ccfc6d4b" outcome="Passed" testListId="8c84fa94-04c1-424b-9868-57a2d4851a1d" relativeResultsDirectory="c9b576f6-53e4-4421-8c49-365a5a285146" />
    <UnitTestResult executionId="d73d5ea5-e77a-4517-b7a2-cc7cfa11039d" testId="45de2e9c-cb79-ee56-0009-37f8b05781c1" testName="CourseTests.TestUserService.CheckPassword_ShouldReturnFalseForWrongPassword" computerName="HOME-PC" duration="00:00:00.1024401" startTime="2026-01-20T23:25:14.1069371+05:00" endTime="2026-01-20T23:25:14.1069374+05:00" testType="13cdc9d9-ddb5-4fa4-a97d-d965ccfc6d4b" outcome="Passed" testListId="8c84fa94-04c1-424b-9868-57a2d4851a1d" relativeResultsDirectory="d73d5ea5-e77a-4517-b7a2-cc7cfa11039d" />
    <UnitTestResult executionId="9591176d-fea7-4a20-8e9a-43b75737ac25" testId="8180c6c7-9619-75a1-b51d-c909a5200f9b" testName="CourseTests.CourseServiceTests.TrackCourse_ShouldAddEntryToCourseStudents" computerName="HOME-PC" duration="00:00:00.0195913" startTime="2026-01-20T23:25:13.6786122+05:00" endTime="2026-01-20T23:25:13.6786122+05:00" testType="13cdc9d9-ddb5-4fa4-a97d-d965ccfc6d4b" outcome="Passed" testListId="8c84fa94-04c1-424b-9868-57a2d4851a1d" relativeResultsDirectory="9591176d-fea7-4a20-8e9a-43b75737ac25" />
    <UnitTestResult executionId="80c15386-be5f-4068-9a3f-209b59744c1a" testId="f7454c84-fbfd-b21b-9dc0-61a11aaa385f" testName="CourseTests.ModuleServiceTests.GetLessons_ShouldReturnLessonsForModule" computerName="HOME-PC" duration="00:00:00.0129911" startTime="2026-01-20T23:25:13.6555927+05:00" endTime="2026-01-20T23:25:13.6555927+05:00" testType="13cdc9d9-ddb5-4fa4-a97d-d965ccfc6d4b" outcome="Passed" testListId="8c84fa94-04c1-424b-9868-57a2d4851a1d" relativeResultsDirectory="80c15386-be5f-4068-9a3f-209b59744c1a" />
    <UnitTestResult executionId="99d1b3f3-b973-4473-86ce-644bc9750398" testId="026237a5-d1ad-6419-f41a-45cc7ca29be7" testName="CourseTests.LessonServiceTests.GetLessonFileName_ShouldReturnCorrectFileName" computerName="HOME-PC" duration="00:00:00.4335257" startTime="2026-01-20T23:25:13.6317683+05:00" endTime="2026-01-20T23:25:13.6317683+05:00" testType="13cdc9d9-ddb5-4fa4-a97d-d965ccfc6d4b" outcome="Passed" testListId="8c84fa94-04c1-424b-9868-57a2d4851a1d" relativeResultsDirectory="99d1b3f3-b973-4473-86ce-644bc9750398" />
    <UnitTestResult executionId="b2c5cfc5-45c0-4d1d-b5c9-d3d62d63c850" testId="031cbea1-039a-34f8-6283-03129ebd3d10" testName="CourseTests.TestUserService.GetUserByEmail_ShouldReturnCorrectUser" computerName="HOME-PC" duration="00:00:00.0567542" startTime="2026-01-20T23:25:14.3848646+05:00" endTime="2026-01-20T23:25:14.3848647+05:00" testType="13cdc9d9-ddb5-4fa4-a97d-d965ccfc6d4b" outcome="Passed" testListId="8c84fa94-04c1-424b-9868-57a2d4851a1d" relativeResultsDirectory="b2c5cfc5-45c0-4d1d-b5c9-d3d62d63c850" />
    <UnitTestResult executionId="fd28c794-c562-4822-bf14-8cc2e42ae0e4" testId="9692af51-e6c5-3149-6856-c09879b0ad97" testName="CourseTests.TestUserService.AddUser_ShouldCreateUserWithProfile" computerName="HOME-PC" duration="00:00:00.0504523" startTime="2026-01-20T23:25:13.8856600+05:00" endTime="2026-01-20T23:25:13.8856605+05:00" testType="13cdc9d9-ddb5-4fa4-a97d-d965ccfc6d4b" outcome="Passed" testListId="8c84fa94-04c1-424b-9868-57a2d4851a1d" relativeResultsDirectory="fd28c794-c562-4822-bf14-8cc2e42ae0e4" />
    <UnitTestResult executionId="7bdc2db6-40b2-4504-9ee7-6eafe7d8207f" testId="59b5c94c-61db-e401-bf8f-237779131f2e" testName="CourseTests.LessonServiceTests.GetAuthor_ShouldReturnFalseIfUserIsNotAuthor" computerName="HOME-PC" duration="00:00:00.0278486" startTime="2026-01-20T23:25:13.6596525+05:00" endTime="2026-01-20T23:25:13.6596526+05:00" testType="13cdc9d9-ddb5-4fa4-a97d-d965ccfc6d4b" outcome="Passed" testListId="8c84fa94-04c1-424b-9868-57a2d4851a1d" relativeResultsDirectory="7bdc2db6-40b2-4504-9ee7-6eafe7d8207f" />
    <UnitTestResult executionId="d0b07c81-dfbe-4534-9ce3-8d8985b1bc26" testId="b56bbb7b-6c77-e745-725e-0b80229defeb" testName="CourseTests.CourseServiceTests.GetCourseById_ShouldReturnCorrectCourse" computerName="HOME-PC" duration="00:00:00.3658891" startTime="2026-01-20T23:25:13.5657919+05:00" endTime="2026-01-20T23:25:13.5658028+05:00" testType="13cdc9d9-ddb5-4fa4-a97d-d965ccfc6d4b" outcome="Passed" testListId="8c84fa94-04c1-424b-9868-57a2d4851a1d" relativeResultsDirectory="d0b07c81-dfbe-4534-9ce3-8d8985b1bc26" />
    <UnitTestResult executionId="96dc586a-20af-489e-b20d-cfca5edd129e" testId="3f7f30f4-9c5b-0de8-85cd-2c5fefd74b31" testName="CourseTests.TestUserService.UpdateUser_ShouldUpdateUserAndProfile" computerName="HOME-PC" duration="00:00:00.0634668" startTime="2026-01-20T23:25:14.0043635+05:00" endTime="2026-01-20T23:25:14.0043640+05:00" testType="13cdc9d9-ddb5-4fa4-a97d-d965ccfc6d4b" outcome="Passed" testListId="8c84fa94-04c1-424b-9868-57a2d4851a1d" relativeResultsDirectory="96dc586a-20af-489e-b20d-cfca5edd129e" />
    <UnitTestResult executionId="32a6f0bd-230f-4949-ae81-42d9b993b220" testId="647cc9ab-3d82-e7b9-1475-c421387a726d" testName="CourseTests.TestUserService.GetAllAuthors_ShouldReturnOnlyAuthors" computerName="HOME-PC" duration="00:00:00.1048630" startTime="2026-01-20T23:25:14.4899740+05:00" endTime="2026-01-20T23:25:14.4899742+05:00" testType="13cdc9d9-ddb5-4fa4-a97d-d965ccfc6d4b" outcome="Passed" testListId="8c84fa94-04c1-424b-9868-57a2d4851a1d" relativeResultsDirectory="32a6f0bd-230f-4949-ae81-42d9b993b220" />
    <UnitTestResult executionId="822b5028-4e46-4c59-a896-6bfef98448a9" testId="a2a44a3e-978f-0951-741e-c161df0918f6" testName="CourseTests.CourseServiceTests.SearchCoursesByTitle_ShouldReturnMatchingCourses" computerName="HOME-PC" duration="00:00:00.0100642" startTime="2026-01-20T23:25:13.6554505+05:00" endTime="2026-01-20T23:25:13.6554505+05:00" testType="13cdc9d9-ddb5-4fa4-a97d-d965ccfc6d4b" outcome="Passed" testListId="8c84fa94-04c1-424b-9868-57a2d4851a1d" relativeResultsDirectory="822b5028-4e46-4c59-a896-6bfef98448a9" />
    <UnitTestResult executionId="ffbad13b-da1c-4698-b4d0-dfc4ac973de5" testId="2a9a0284-61a2-81f9-afa3-b519b48cdf3d" testName="CourseTests.LessonServiceTests.UpdateLesson_ShouldUpdateLesson" computerName="HOME-PC" duration="00:00:00.0041623" startTime="2026-01-20T23:25:13.6638758+05:00" endTime="2026-01-20T23:25:13.6638759+05:00" testType="13cdc9d9-ddb5-4fa4-a97d-d965ccfc6d4b" outcome="Passed" testListId="8c84fa94-04c1-424b-9868-57a2d4851a1d" relativeResultsDirectory="ffbad13b-da1c-4698-b4d0-dfc4ac973de5" />
    <UnitTestResult executionId="b1847345-30b7-4768-9562-62b1ab4b35c9" testId="b8d9f0fd-d871-89b2-6b4b-79f388d84db1" testName="CourseTests.ModuleServiceTests.UpdateModule_ShouldThrowExceptionIfModuleNotFound" computerName="HOME-PC" duration="00:00:00.4278987" startTime="2026-01-20T23:25:13.6260948+05:00" endTime="2026-01-20T23:25:13.6260948+05:00" testType="13cdc9d9-ddb5-4fa4-a97d-d965ccfc6d4b" outcome="Passed" testListId="8c84fa94-04c1-424b-9868-57a2d4851a1d" relativeResultsDirectory="b1847345-30b7-4768-9562-62b1ab4b35c9" />
    <UnitTestResult executionId="761f4e4e-7e70-4d56-b617-95fe41bfcceb" testId="443bf08d-9330-d575-e22f-f5bce3be6489" testName="CourseTests.TestUserService.GetAllUsers_ShouldReturnAllUsers" computerName="HOME-PC" duration="00:00:00.4801129" startTime="2026-01-20T23:25:13.6783167+05:00" endTime="2026-01-20T23:25:13.6783169+05:00" testType="13cdc9d9-ddb5-4fa4-a97d-d965ccfc6d4b" outcome="Passed" testListId="8c84fa94-04c1-424b-9868-57a2d4851a1d" relativeResultsDirectory="761f4e4e-7e70-4d56-b617-95fe41bfcceb" />
    <UnitTestResult executionId="d9e5ca6f-71c9-40f7-8415-04feda969b32" testId="7f0373c6-10e9-a3e6-87c5-1228f24f3383" testName="CourseTests.LessonServiceTests.GetCourse_ShouldReturnCourseOfLesson" computerName="HOME-PC" duration="00:00:00.0122076" startTime="2026-01-20T23:25:13.6773493+05:00" endTime="2026-01-20T23:25:13.6773498+05:00" testType="13cdc9d9-ddb5-4fa4-a97d-d965ccfc6d4b" outcome="Passed" testListId="8c84fa94-04c1-424b-9868-57a2d4851a1d" relativeResultsDirectory="d9e5ca6f-71c9-40f7-8415-04feda969b32" />
    <UnitTestResult executionId="3ce785a7-4fe2-4218-a2cc-924937aec95b" testId="f0ea61c2-0e54-1a46-7e39-b7649dd6673c" testName="CourseTests.CourseServiceTests.GetAllModules_ShouldReturnModulesForCourse" computerName="HOME-PC" duration="00:00:00.0038133" startTime="2026-01-20T23:25:13.6825139+05:00" endTime="2026-01-20T23:25:13.6825140+05:00" testType="13cdc9d9-ddb5-4fa4-a97d-d965ccfc6d4b" outcome="Passed" testListId="8c84fa94-04c1-424b-9868-57a2d4851a1d" relativeResultsDirectory="3ce785a7-4fe2-4218-a2cc-924937aec95b" />
    <UnitTestResult executionId="b7890f4f-c77a-4bc2-a0df-171a3d12b4f7" testId="fa8e6bf9-89e7-62d9-b3dc-46859816035c" testName="CourseTests.CourseServiceTests.IsAuthorOfCourse_ShouldReturnFalseIfNotAuthor" computerName="HOME-PC" duration="00:00:00.0536637" startTime="2026-01-20T23:25:13.6191027+05:00" endTime="2026-01-20T23:25:13.6191029+05:00" testType="13cdc9d9-ddb5-4fa4-a97d-d965ccfc6d4b" outcome="Passed" testListId="8c84fa94-04c1-424b-9868-57a2d4851a1d" relativeResultsDirectory="b7890f4f-c77a-4bc2-a0df-171a3d12b4f7" />
    <UnitTestResult executionId="ad3ddb1f-ab18-4a06-9660-642a694c8e75" testId="ef24a036-23bc-0b03-58e8-affefd919b2b" testName="CourseTests.ModuleServiceTests.UpdateModule_ShouldUpdateExistingModule" computerName="HOME-PC" duration="00:00:00.0049089" startTime="2026-01-20T23:25:13.6555681+05:00" endTime="2026-01-20T23:25:13.6555681+05:00" testType="13cdc9d9-ddb5-4fa4-a97d-d965ccfc6d4b" outcome="Passed" testListId="8c84fa94-04c1-424b-9868-57a2d4851a1d" relativeResultsDirectory="ad3ddb1f-ab18-4a06-9660-642a694c8e75" />
    <UnitTestResult executionId="6ad1530c-c46c-4f77-b2c6-45fd154d9b3f" testId="83553aff-2871-08de-05ee-3be6f737ad4d" testName="CourseTests.ModuleServiceTests.AddModule_ShouldAddModule" computerName="HOME-PC" duration="00:00:00.0045058" startTime="2026-01-20T23:25:13.6307002+05:00" endTime="2026-01-20T23:25:13.6307003+05:00" testType="13cdc9d9-ddb5-4fa4-a97d-d965ccfc6d4b" outcome="Passed" testListId="8c84fa94-04c1-424b-9868-57a2d4851a1d" relativeResultsDirectory="6ad1530c-c46c-4f77-b2c6-45fd154d9b3f" />
    <UnitTestResult executionId="659ec8f5-a1a2-4a14-b468-f5d0cc81c192" testId="b6807773-4df8-cdd4-33e7-8711b96f8023" testName="CourseTests.CourseServiceTests.GetAllCourses_ShouldReturnAllCourses" computerName="HOME-PC" duration="00:00:00.0062569" startTime="2026-01-20T23:25:13.6253868+05:00" endTime="2026-01-20T23:25:13.6253869+05:00" testType="13cdc9d9-ddb5-4fa4-a97d-d965ccfc6d4b" outcome="Passed" testListId="8c84fa94-04c1-424b-9868-57a2d4851a1d" relativeResultsDirectory="659ec8f5-a1a2-4a14-b468-f5d0cc81c192" />
  </Results>
  <TestDefinitions>
    <UnitTest name="CourseTests.TestUserService.GetAithorsCurse_ShouldReturnAuthorsCourses" storage="c:\users\mumlul\riderprojects\coursetests\coursetests\bin\debug\net9.0\coursetests.dll" id="a6800090-fe5a-4726-8458-9f8a0eb62285">
      <Execution id="467be7e9-062e-4e9a-8377-7c7e4c44d05d" />
      <TestMethod codeBase="C:\Users\mumlul\RiderProjects\CourseTests\CourseTests\bin\Debug\net9.0\CourseTests.dll" adapterTypeName="executor://xunit/VsTestRunner2/netcoreapp" className="CourseTests.TestUserService" name="GetAithorsCurse_ShouldReturnAuthorsCourses" />
    </UnitTest>
    <UnitTest name="CourseTests.CourseServiceTests.SearchCoursesByTitle_ShouldReturnMatchingCourses" storage="c:\users\mumlul\riderprojects\coursetests\coursetests\bin\debug\net9.0\coursetests.dll" id="a2a44a3e-978f-0951-741e-c161df0918f6">
      <Execution id="822b5028-4e46-4c59-a896-6bfef98448a9" />
      <TestMethod codeBase="C:\Users\mumlul\RiderProjects\CourseTests\CourseTests\bin\Debug\net9.0\CourseTests.dll" adapterTypeName="executor://xunit/VsTestRunner2/netcoreapp" className="CourseTests.CourseServiceTests" name="SearchCoursesByTitle_ShouldReturnMatchingCourses" />
    </UnitTest>
    <UnitTest name="CourseTests.TestUserService.GetUserByUsername_ShouldReturnCorrectUser" storage="c:\users\mumlul\riderprojects\coursetests\coursetests\bin\debug\net9.0\coursetests.dll" id="9f1cd254-3a9d-aaba-0c3f-b4aa5d69b357">
      <Execution id="e35f0e2e-ea1e-4da0-b4cf-a531e834adb0" />
      <TestMethod codeBase="C:\Users\mumlul\RiderProjects\CourseTests\CourseTests\bin\Debug\net9.0\CourseTests.dll" adapterTypeName="executor://xunit/VsTestRunner2/netcoreapp" className="CourseTests.TestUserService" name="GetUserByUsername_ShouldReturnCorrectUser" />
    </UnitTest>
    <UnitTest name="CourseTests.LessonServiceTests.GetAuthor_ShouldReturnTrueIfUserIsAuthor" storage="c:\users\mumlul\riderprojects\coursetests\coursetests\bin\debug\net9.0\coursetests.dll" id="6055938b-a1c9-5393-55dd-36d444c9dd96">
      <Execution id="c9b576f6-53e4-4421-8c49-365a5a285146" />
      <TestMethod codeBase="C:\Users\mumlul\RiderProjects\CourseTests\CourseTests\bin\Debug\net9.0\CourseTests.dll" adapterTypeName="executor://xunit/VsTestRunner2/netcoreapp" className="CourseTests.LessonServiceTests" name="GetAuthor_ShouldReturnTrueIfUserIsAuthor" />
    </UnitTest>
    <UnitTest name="CourseTests.CourseServiceTests.GetCourseById_ShouldReturnCorrectCourse" storage="c:\users\mumlul\riderprojects\coursetests\coursetests\bin\debug\net9.0\coursetests.dll" id="b56bbb7b-6c77-e745-725e-0b80229defeb">
      <Execution id="d0b07c81-dfbe-4534-9ce3-8d8985b1bc26" />
      <TestMethod codeBase="C:\Users\mumlul\RiderProjects\CourseTests\CourseTests\bin\Debug\net9.0\CourseTests.dll" adapterTypeName="executor://xunit/VsTestRunner2/netcoreapp" className="CourseTests.CourseServiceTests" name="GetCourseById_ShouldReturnCorrectCourse" />
    </UnitTest>
    <UnitTest name="CourseTests.CourseServiceTests.CreateCourse_ShouldAddCourseAndAuthor" storage="c:\users\mumlul\riderprojects\coursetests\coursetests\bin\debug\net9.0\coursetests.dll" id="ec2bc176-94ae-251c-91d8-d3d828c175a1">
      <Execution id="a776110f-eb63-4512-a319-8a189f2eb707" />
      <TestMethod codeBase="C:\Users\mumlul\RiderProjects\CourseTests\CourseTests\bin\Debug\net9.0\CourseTests.dll" adapterTypeName="executor://xunit/VsTestRunner2/netcoreapp" className="CourseTests.CourseServiceTests" name="CreateCourse_ShouldAddCourseAndAuthor" />
    </UnitTest>
    <UnitTest name="CourseTests.TestUserService.GetAllUsers_ShouldReturnAllUsers" storage="c:\users\mumlul\riderprojects\coursetests\coursetests\bin\debug\net9.0\coursetests.dll" id="443bf08d-9330-d575-e22f-f5bce3be6489">
      <Execution id="761f4e4e-7e70-4d56-b617-95fe41bfcceb" />
      <TestMethod codeBase="C:\Users\mumlul\RiderProjects\CourseTests\CourseTests\bin\Debug\net9.0\CourseTests.dll" adapterTypeName="executor://xunit/VsTestRunner2/netcoreapp" className="CourseTests.TestUserService" name="GetAllUsers_ShouldReturnAllUsers" />
    </UnitTest>
    <UnitTest name="CourseTests.TestUserService.DeleteUserById_ShouldRemoveUserAndProfile" storage="c:\users\mumlul\riderprojects\coursetests\coursetests\bin\debug\net9.0\coursetests.dll" id="121d9be7-7817-904e-a70b-712307175fd3">
      <Execution id="fde5205f-d338-44d9-a4af-d18adcaba5c4" />
      <TestMethod codeBase="C:\Users\mumlul\RiderProjects\CourseTests\CourseTests\bin\Debug\net9.0\CourseTests.dll" adapterTypeName="executor://xunit/VsTestRunner2/netcoreapp" className="CourseTests.TestUserService" name="DeleteUserById_ShouldRemoveUserAndProfile" />
    </UnitTest>
    <UnitTest name="CourseTests.LessonServiceTests.CreateLesson_ShouldAddLesson" storage="c:\users\mumlul\riderprojects\coursetests\coursetests\bin\debug\net9.0\coursetests.dll" id="96700654-e124-7643-635b-0a8b0bd73b4c">
      <Execution id="a64c39c8-1e2c-45c4-a865-b968715bb27e" />
      <TestMethod codeBase="C:\Users\mumlul\RiderProjects\CourseTests\CourseTests\bin\Debug\net9.0\CourseTests.dll" adapterTypeName="executor://xunit/VsTestRunner2/netcoreapp" className="CourseTests.LessonServiceTests" name="CreateLesson_ShouldAddLesson" />
    </UnitTest>
    <UnitTest name="CourseTests.LessonServiceTests.UpdateLesson_ShouldUpdateLesson" storage="c:\users\mumlul\riderprojects\coursetests\coursetests\bin\debug\net9.0\coursetests.dll" id="2a9a0284-61a2-81f9-afa3-b519b48cdf3d">
      <Execution id="ffbad13b-da1c-4698-b4d0-dfc4ac973de5" />
      <TestMethod codeBase="C:\Users\mumlul\RiderProjects\CourseTests\CourseTests\bin\Debug\net9.0\CourseTests.dll" adapterTypeName="executor://xunit/VsTestRunner2/netcoreapp" className="CourseTests.LessonServiceTests" name="UpdateLesson_ShouldUpdateLesson" />
    </UnitTest>
    <UnitTest name="CourseTests.TestUserService.UpdateUser_ShouldUpdateUserAndProfile" storage="c:\users\mumlul\riderprojects\coursetests\coursetests\bin\debug\net9.0\coursetests.dll" id="3f7f30f4-9c5b-0de8-85cd-2c5fefd74b31">
      <Execution id="96dc586a-20af-489e-b20d-cfca5edd129e" />
      <TestMethod codeBase="C:\Users\mumlul\RiderProjects\CourseTests\CourseTests\bin\Debug\net9.0\CourseTests.dll" adapterTypeName="executor://xunit/VsTestRunner2/netcoreapp" className="CourseTests.TestUserService" name="UpdateUser_ShouldUpdateUserAndProfile" />
    </UnitTest>
    <UnitTest name="CourseTests.TestUserService.CheckPassword_ShouldReturnTrueForCorrectPassword" storage="c:\users\mumlul\riderprojects\coursetests\coursetests\bin\debug\net9.0\coursetests.dll" id="fae8cdb1-b285-3353-03ee-703c1bf79588">
      <Execution id="92c0ec5b-14ec-4411-9383-c5f28b9a908e" />
      <TestMethod codeBase="C:\Users\mumlul\RiderProjects\CourseTests\CourseTests\bin\Debug\net9.0\CourseTests.dll" adapterTypeName="executor://xunit/VsTestRunner2/netcoreapp" className="CourseTests.TestUserService" name="CheckPassword_ShouldReturnTrueForCorrectPassword" />
    </UnitTest>
    <UnitTest name="CourseTests.LessonServiceTests.GetLessonFileName_ShouldReturnCorrectFileName" storage="c:\users\mumlul\riderprojects\coursetests\coursetests\bin\debug\net9.0\coursetests.dll" id="026237a5-d1ad-6419-f41a-45cc7ca29be7">
      <Execution id="99d1b3f3-b973-4473-86ce-644bc9750398" />
      <TestMethod codeBase="C:\Users\mumlul\RiderProjects\CourseTests\CourseTests\bin\Debug\net9.0\CourseTests.dll" adapterTypeName="executor://xunit/VsTestRunner2/netcoreapp" className="CourseTests.LessonServiceTests" name="GetLessonFileName_ShouldReturnCorrectFileName" />
    </UnitTest>
    <UnitTest name="CourseTests.ModuleServiceTests.UpdateModule_ShouldThrowExceptionIfModuleNotFound" storage="c:\users\mumlul\riderprojects\coursetests\coursetests\bin\debug\net9.0\coursetests.dll" id="b8d9f0fd-d871-89b2-6b4b-79f388d84db1">
      <Execution id="b1847345-30b7-4768-9562-62b1ab4b35c9" />
      <TestMethod codeBase="C:\Users\mumlul\RiderProjects\CourseTests\CourseTests\bin\Debug\net9.0\CourseTests.dll" adapterTypeName="executor://xunit/VsTestRunner2/netcoreapp" className="CourseTests.ModuleServiceTests" name="UpdateModule_ShouldThrowExceptionIfModuleNotFound" />
    </UnitTest>
    <UnitTest name="CourseTests.TestUserService.GetAllCourses_ShouldReturnUserCourses" storage="c:\users\mumlul\riderprojects\coursetests\coursetests\bin\debug\net9.0\coursetests.dll" id="aa9e6fe6-7cfe-ae92-1e05-70bd0e180339">
      <Execution id="41f6fe20-ca06-4c60-97b6-99e0f5bb1bd8" />
      <TestMethod codeBase="C:\Users\mumlul\RiderProjects\CourseTests\CourseTests\bin\Debug\net9.0\CourseTests.dll" adapterTypeName="executor://xunit/VsTestRunner2/netcoreapp" className="CourseTests.TestUserService" name="GetAllCourses_ShouldReturnUserCourses" />
    </UnitTest>
    <UnitTest name="CourseTests.TestUserService.GetUserByEmail_ShouldReturnCorrectUser" storage="c:\users\mumlul\riderprojects\coursetests\coursetests\bin\debug\net9.0\coursetests.dll" id="031cbea1-039a-34f8-6283-03129ebd3d10">
      <Execution id="b2c5cfc5-45c0-4d1d-b5c9-d3d62d63c850" />
      <TestMethod codeBase="C:\Users\mumlul\RiderProjects\CourseTests\CourseTests\bin\Debug\net9.0\CourseTests.dll" adapterTypeName="executor://xunit/VsTestRunner2/netcoreapp" className="CourseTests.TestUserService" name="GetUserByEmail_ShouldReturnCorrectUser" />
    </UnitTest>
    <UnitTest name="CourseTests.TestUserService.AddUser_ShouldCreateUserWithProfile" storage="c:\users\mumlul\riderprojects\coursetests\coursetests\bin\debug\net9.0\coursetests.dll" id="9692af51-e6c5-3149-6856-c09879b0ad97">
      <Execution id="fd28c794-c562-4822-bf14-8cc2e42ae0e4" />
      <TestMethod codeBase="C:\Users\mumlul\RiderProjects\CourseTests\CourseTests\bin\Debug\net9.0\CourseTests.dll" adapterTypeName="executor://xunit/VsTestRunner2/netcoreapp" className="CourseTests.TestUserService" name="AddUser_ShouldCreateUserWithProfile" />
    </UnitTest>
    <UnitTest name="CourseTests.TestUserService.GetAllAuthors_ShouldReturnOnlyAuthors" storage="c:\users\mumlul\riderprojects\coursetests\coursetests\bin\debug\net9.0\coursetests.dll" id="647cc9ab-3d82-e7b9-1475-c421387a726d">
      <Execution id="32a6f0bd-230f-4949-ae81-42d9b993b220" />
      <TestMethod codeBase="C:\Users\mumlul\RiderProjects\CourseTests\CourseTests\bin\Debug\net9.0\CourseTests.dll" adapterTypeName="executor://xunit/VsTestRunner2/netcoreapp" className="CourseTests.TestUserService" name="GetAllAuthors_ShouldReturnOnlyAuthors" />
    </UnitTest>
    <UnitTest name="CourseTests.LessonServiceTests.GetLessonFileName_ShouldThrowIfLessonNotFound" storage="c:\users\mumlul\riderprojects\coursetests\coursetests\bin\debug\net9.0\coursetests.dll" id="4ed18720-3d76-f691-1527-23a4eaca2e53">
      <Execution id="b03f035b-7dca-4f17-9bc3-c4bcbd7ef7dc" />
      <TestMethod codeBase="C:\Users\mumlul\RiderProjects\CourseTests\CourseTests\bin\Debug\net9.0\CourseTests.dll" adapterTypeName="executor://xunit/VsTestRunner2/netcoreapp" className="CourseTests.LessonServiceTests" name="GetLessonFileName_ShouldThrowIfLessonNotFound" />
    </UnitTest>
    <UnitTest name="CourseTests.LessonServiceTests.GetAuthor_ShouldReturnFalseIfUserIsNotAuthor" storage="c:\users\mumlul\riderprojects\coursetests\coursetests\bin\debug\net9.0\coursetests.dll" id="59b5c94c-61db-e401-bf8f-237779131f2e">
      <Execution id="7bdc2db6-40b2-4504-9ee7-6eafe7d8207f" />
      <TestMethod codeBase="C:\Users\mumlul\RiderProjects\CourseTests\CourseTests\bin\Debug\net9.0\CourseTests.dll" adapterTypeName="executor://xunit/VsTestRunner2/netcoreapp" className="CourseTests.LessonServiceTests" name="GetAuthor_ShouldReturnFalseIfUserIsNotAuthor" />
    </UnitTest>
    <UnitTest name="CourseTests.TestUserService.GetUserById_ShouldReturnCorrectUser" storage="c:\users\mumlul\riderprojects\coursetests\coursetests\bin\debug\net9.0\coursetests.dll" id="8f3c4239-d43c-0df4-dee1-121c003f4896">
      <Execution id="13591daa-6d88-476a-a530-67830751263c" />
      <TestMethod codeBase="C:\Users\mumlul\RiderProjects\CourseTests\CourseTests\bin\Debug\net9.0\CourseTests.dll" adapterTypeName="executor://xunit/VsTestRunner2/netcoreapp" className="CourseTests.TestUserService" name="GetUserById_ShouldReturnCorrectUser" />
    </UnitTest>
    <UnitTest name="CourseTests.TestUserService.CheckPassword_ShouldReturnFalseForWrongPassword" storage="c:\users\mumlul\riderprojects\coursetests\coursetests\bin\debug\net9.0\coursetests.dll" id="45de2e9c-cb79-ee56-0009-37f8b05781c1">
      <Execution id="d73d5ea5-e77a-4517-b7a2-cc7cfa11039d" />
      <TestMethod codeBase="C:\Users\mumlul\RiderProjects\CourseTests\CourseTests\bin\Debug\net9.0\CourseTests.dll" adapterTypeName="executor://xunit/VsTestRunner2/netcoreapp" className="CourseTests.TestUserService" name="CheckPassword_ShouldReturnFalseForWrongPassword" />
    </UnitTest>
    <UnitTest name="CourseTests.CourseServiceTests.TrackCourse_ShouldAddEntryToCourseStudents" storage="c:\users\mumlul\riderprojects\coursetests\coursetests\bin\debug\net9.0\coursetests.dll" id="8180c6c7-9619-75a1-b51d-c909a5200f9b">
      <Execution id="9591176d-fea7-4a20-8e9a-43b75737ac25" />
      <TestMethod codeBase="C:\Users\mumlul\RiderProjects\CourseTests\CourseTests\bin\Debug\net9.0\CourseTests.dll" adapterTypeName="executor://xunit/VsTestRunner2/netcoreapp" className="CourseTests.CourseServiceTests" name="TrackCourse_ShouldAddEntryToCourseStudents" />
    </UnitTest>
    <UnitTest name="CourseTests.ModuleServiceTests.GetLessons_ShouldReturnLessonsForModule" storage="c:\users\mumlul\riderprojects\coursetests\coursetests\bin\debug\net9.0\coursetests.dll" id="f7454c84-fbfd-b21b-9dc0-61a11aaa385f">
      <Execution id="80c15386-be5f-4068-9a3f-209b59744c1a" />
      <TestMethod codeBase="C:\Users\mumlul\RiderProjects\CourseTests\CourseTests\bin\Debug\net9.0\CourseTests.dll" adapterTypeName="executor://xunit/VsTestRunner2/netcoreapp" className="CourseTests.ModuleServiceTests" name="GetLessons_ShouldReturnLessonsForModule" />
    </UnitTest>
    <UnitTest name="CourseTests.CourseServiceTests.GetAllCourses_ShouldReturnAllCourses" storage="c:\users\mumlul\riderprojects\coursetests\coursetests\bin\debug\net9.0\coursetests.dll" id="b6807773-4df8-cdd4-33e7-8711b96f8023">
      <Execution id="659ec8f5-a1a2-4a14-b468-f5d0cc81c192" />
      <TestMethod codeBase="C:\Users\mumlul\RiderProjects\CourseTests\CourseTests\bin\Debug\net9.0\CourseTests.dll" adapterTypeName="executor://xunit/VsTestRunner2/netcoreapp" className="CourseTests.CourseServiceTests" name="GetAllCourses_ShouldReturnAllCourses" />
    </UnitTest>
    <UnitTest name="CourseTests.CourseServiceTests.GetAllModules_ShouldReturnModulesForCourse" storage="c:\users\mumlul\riderprojects\coursetests\coursetests\bin\debug\net9.0\coursetests.dll" id="f0ea61c2-0e54-1a46-7e39-b7649dd6673c">
      <Execution id="3ce785a7-4fe2-4218-a2cc-924937aec95b" />
      <TestMethod codeBase="C:\Users\mumlul\RiderProjects\CourseTests\CourseTests\bin\Debug\net9.0\CourseTests.dll" adapterTypeName="executor://xunit/VsTestRunner2/netcoreapp" className="CourseTests.CourseServiceTests" name="GetAllModules_ShouldReturnModulesForCourse" />
    </UnitTest>
    <UnitTest name="CourseTests.TestUserService.GetUserProfile_ShouldReturnProfile" storage="c:\users\mumlul\riderprojects\coursetests\coursetests\bin\debug\net9.0\coursetests.dll" id="8147c34e-3750-07df-3d58-d2fd64b63a38">
      <Execution id="c987e419-2092-49e9-84c6-2eeda9db63fd" />
      <TestMethod codeBase="C:\Users\mumlul\RiderProjects\CourseTests\CourseTests\bin\Debug\net9.0\CourseTests.dll" adapterTypeName="executor://xunit/VsTestRunner2/netcoreapp" className="CourseTests.TestUserService" name="GetUserProfile_ShouldReturnProfile" />
    </UnitTest>
    <UnitTest name="CourseTests.ModuleServiceTests.AddModule_ShouldAddModule" storage="c:\users\mumlul\riderprojects\coursetests\coursetests\bin\debug\net9.0\coursetests.dll" id="83553aff-2871-08de-05ee-3be6f737ad4d">
      <Execution id="6ad1530c-c46c-4f77-b2c6-45fd154d9b3f" />
      <TestMethod codeBase="C:\Users\mumlul\RiderProjects\CourseTests\CourseTests\bin\Debug\net9.0\CourseTests.dll" adapterTypeName="executor://xunit/VsTestRunner2/netcoreapp" className="CourseTests.ModuleServiceTests" name="AddModule_ShouldAddModule" />
    </UnitTest>
    <UnitTest name="CourseTests.CourseServiceTests.IsAuthorOfCourse_ShouldReturnTrueIfAuthor" storage="c:\users\mumlul\riderprojects\coursetests\coursetests\bin\debug\net9.0\coursetests.dll" id="48553bd9-8d29-e5fc-1d42-d4364f5af64b">
      <Execution id="d3fe4e1b-032d-45ef-96a9-5697b3c359e6" />
      <TestMethod codeBase="C:\Users\mumlul\RiderProjects\CourseTests\CourseTests\bin\Debug\net9.0\CourseTests.dll" adapterTypeName="executor://xunit/VsTestRunner2/netcoreapp" className="CourseTests.CourseServiceTests" name="IsAuthorOfCourse_ShouldReturnTrueIfAuthor" />
    </UnitTest>
    <UnitTest name="CourseTests.CourseServiceTests.IsAuthorOfCourse_ShouldReturnFalseIfNotAuthor" storage="c:\users\mumlul\riderprojects\coursetests\coursetests\bin\debug\net9.0\coursetests.dll" id="fa8e6bf9-89e7-62d9-b3dc-46859816035c">
      <Execution id="b7890f4f-c77a-4bc2-a0df-171a3d12b4f7" />
      <TestMethod codeBase="C:\Users\mumlul\RiderProjects\CourseTests\CourseTests\bin\Debug\net9.0\CourseTests.dll" adapterTypeName="executor://xunit/VsTestRunner2/netcoreapp" className="CourseTests.CourseServiceTests" name="IsAuthorOfCourse_ShouldReturnFalseIfNotAuthor" />
    </UnitTest>
    <UnitTest name="CourseTests.ModuleServiceTests.UpdateModule_ShouldUpdateExistingModule" storage="c:\users\mumlul\riderprojects\coursetests\coursetests\bin\debug\net9.0\coursetests.dll" id="ef24a036-23bc-0b03-58e8-affefd919b2b">
      <Execution id="ad3ddb1f-ab18-4a06-9660-642a694c8e75" />
      <TestMethod codeBase="C:\Users\mumlul\RiderProjects\CourseTests\CourseTests\bin\Debug\net9.0\CourseTests.dll" adapterTypeName="executor://xunit/VsTestRunner2/netcoreapp" className="CourseTests.ModuleServiceTests" name="UpdateModule_ShouldUpdateExistingModule" />
    </UnitTest>
    <UnitTest name="CourseTests.LessonServiceTests.GetCourse_ShouldReturnCourseOfLesson" storage="c:\users\mumlul\riderprojects\coursetests\coursetests\bin\debug\net9.0\coursetests.dll" id="7f0373c6-10e9-a3e6-87c5-1228f24f3383">
      <Execution id="d9e5ca6f-71c9-40f7-8415-04feda969b32" />
      <TestMethod codeBase="C:\Users\mumlul\RiderProjects\CourseTests\CourseTests\bin\Debug\net9.0\CourseTests.dll" adapterTypeName="executor://xunit/VsTestRunner2/netcoreapp" className="CourseTests.LessonServiceTests" name="GetCourse_ShouldReturnCourseOfLesson" />
    </UnitTest>
  </TestDefinitions>
  <TestEntries>
    <TestEntry testId="48553bd9-8d29-e5fc-1d42-d4364f5af64b" executionId="d3fe4e1b-032d-45ef-96a9-5697b3c359e6" testListId="8c84fa94-04c1-424b-9868-57a2d4851a1d" />
    <TestEntry testId="121d9be7-7817-904e-a70b-712307175fd3" executionId="fde5205f-d338-44d9-a4af-d18adcaba5c4" testListId="8c84fa94-04c1-424b-9868-57a2d4851a1d" />
    <TestEntry testId="8147c34e-3750-07df-3d58-d2fd64b63a38" executionId="c987e419-2092-49e9-84c6-2eeda9db63fd" testListId="8c84fa94-04c1-424b-9868-57a2d4851a1d" />
    <TestEntry testId="aa9e6fe6-7cfe-ae92-1e05-70bd0e180339" executionId="41f6fe20-ca06-4c60-97b6-99e0f5bb1bd8" testListId="8c84fa94-04c1-424b-9868-57a2d4851a1d" />
    <TestEntry testId="96700654-e124-7643-635b-0a8b0bd73b4c" executionId="a64c39c8-1e2c-45c4-a865-b968715bb27e" testListId="8c84fa94-04c1-424b-9868-57a2d4851a1d" />
    <TestEntry testId="4ed18720-3d76-f691-1527-23a4eaca2e53" executionId="b03f035b-7dca-4f17-9bc3-c4bcbd7ef7dc" testListId="8c84fa94-04c1-424b-9868-57a2d4851a1d" />
    <TestEntry testId="ec2bc176-94ae-251c-91d8-d3d828c175a1" executionId="a776110f-eb63-4512-a319-8a189f2eb707" testListId="8c84fa94-04c1-424b-9868-57a2d4851a1d" />
    <TestEntry testId="fae8cdb1-b285-3353-03ee-703c1bf79588" executionId="92c0ec5b-14ec-4411-9383-c5f28b9a908e" testListId="8c84fa94-04c1-424b-9868-57a2d4851a1d" />
    <TestEntry testId="8f3c4239-d43c-0df4-dee1-121c003f4896" executionId="13591daa-6d88-476a-a530-67830751263c" testListId="8c84fa94-04c1-424b-9868-57a2d4851a1d" />
    <TestEntry testId="9f1cd254-3a9d-aaba-0c3f-b4aa5d69b357" executionId="e35f0e2e-ea1e-4da0-b4cf-a531e834adb0" testListId="8c84fa94-04c1-424b-9868-57a2d4851a1d" />
    <TestEntry testId="a6800090-fe5a-4726-8458-9f8a0eb62285" executionId="467be7e9-062e-4e9a-8377-7c7e4c44d05d" testListId="8c84fa94-04c1-424b-9868-57a2d4851a1d" />
    <TestEntry testId="6055938b-a1c9-5393-55dd-36d444c9dd96" executionId="c9b576f6-53e4-4421-8c49-365a5a285146" testListId="8c84fa94-04c1-424b-9868-57a2d4851a1d" />
    <TestEntry testId="45de2e9c-cb79-ee56-0009-37f8b05781c1" executionId="d73d5ea5-e77a-4517-b7a2-cc7cfa11039d" testListId="8c84fa94-04c1-424b-9868-57a2d4851a1d" />
    <TestEntry testId="8180c6c7-9619-75a1-b51d-c909a5200f9b" executionId="9591176d-fea7-4a20-8e9a-43b75737ac25" testListId="8c84fa94-04c1-424b-9868-57a2d4851a1d" />
    <TestEntry testId="f7454c84-fbfd-b21b-9dc0-61a11aaa385f" executionId="80c15386-be5f-4068-9a3f-209b59744c1a" testListId="8c84fa94-04c1-424b-9868-57a2d4851a1d" />
    <TestEntry testId="026237a5-d1ad-6419-f41a-45cc7ca29be7" executionId="99d1b3f3-b973-4473-86ce-644bc9750398" testListId="8c84fa94-04c1-424b-9868-57a2d4851a1d" />
    <TestEntry testId="031cbea1-039a-34f8-6283-03129ebd3d10" executionId="b2c5cfc5-45c0-4d1d-b5c9-d3d62d63c850" testListId="8c84fa94-04c1-424b-9868-57a2d4851a1d" />
    <TestEntry testId="9692af51-e6c5-3149-6856-c09879b0ad97" executionId="fd28c794-c562-4822-bf14-8cc2e42ae0e4" testListId="8c84fa94-04c1-424b-9868-57a2d4851a1d" />
    <TestEntry testId="59b5c94c-61db-e401-bf8f-237779131f2e" executionId="7bdc2db6-40b2-4504-9ee7-6eafe7d8207f" testListId="8c84fa94-04c1-424b-9868-57a2d4851a1d" />
    <TestEntry testId="b56bbb7b-6c77-e745-725e-0b80229defeb" executionId="d0b07c81-dfbe-4534-9ce3-8d8985b1bc26" testListId="8c84fa94-04c1-424b-9868-57a2d4851a1d" />
    <TestEntry testId="3f7f30f4-9c5b-0de8-85cd-2c5fefd74b31" executionId="96dc586a-20af-489e-b20d-cfca5edd129e" testListId="8c84fa94-04c1-424b-9868-57a2d4851a1d" />
    <TestEntry testId="647cc9ab-3d82-e7b9-1475-c421387a726d" executionId="32a6f0bd-230f-4949-ae81-42d9b993b220" testListId="8c84fa94-04c1-424b-9868-57a2d4851a1d" />
    <TestEntry testId="a2a44a3e-978f-0951-741e-c161df0918f6" executionId="822b5028-4e46-4c59-a896-6bfef98448a9" testListId="8c84fa94-04c1-424b-9868-57a2d4851a1d" />
    <TestEntry testId="2a9a0284-61a2-81f9-afa3-b519b48cdf3d" executionId="ffbad13b-da1c-4698-b4d0-dfc4ac973de5" testListId="8c84fa94-04c1-424b-9868-57a2d4851a1d" />
    <TestEntry testId="b8d9f0fd-d871-89b2-6b4b-79f388d84db1" executionId="b1847345-30b7-4768-9562-62b1ab4b35c9" testListId="8c84fa94-04c1-424b-9868-57a2d4851a1d" />
    <TestEntry testId="443bf08d-9330-d575-e22f-f5bce3be6489" executionId="761f4e4e-7e70-4d56-b617-95fe41bfcceb" testListId="8c84fa94-04c1-424b-9868-57a2d4851a1d" />
    <TestEntry testId="7f0373c6-10e9-a3e6-87c5-1228f24f3383" executionId="d9e5ca6f-71c9-40f7-8415-04feda969b32" testListId="8c84fa94-04c1-424b-9868-57a2d4851a1d" />
    <TestEntry testId="f0ea61c2-0e54-1a46-7e39-b7649dd6673c" executionId="3ce785a7-4fe2-4218-a2cc-924937aec95b" testListId="8c84fa94-04c1-424b-9868-57a2d4851a1d" />
    <TestEntry testId="fa8e6bf9-89e7-62d9-b3dc-46859816035c" executionId="b7890f4f-c77a-4bc2-a0df-171a3d12b4f7" testListId="8c84fa94-04c1-424b-9868-57a2d4851a1d" />
    <TestEntry testId="ef24a036-23bc-0b03-58e8-affefd919b2b" executionId="ad3ddb1f-ab18-4a06-9660-642a694c8e75" testListId="8c84fa94-04c1-424b-9868-57a2d4851a1d" />
    <TestEntry testId="83553aff-2871-08de-05ee-3be6f737ad4d" executionId="6ad1530c-c46c-4f77-b2c6-45fd154d9b3f" testListId="8c84fa94-04c1-424b-9868-57a2d4851a1d" />
    <TestEntry testId="b6807773-4df8-cdd4-33e7-8711b96f8023" executionId="659ec8f5-a1a2-4a14-b468-f5d0cc81c192" testListId="8c84fa94-04c1-424b-9868-57a2d4851a1d" />
  </TestEntries>
  <TestLists>
    <TestList name="Список результатов" id="8c84fa94-04c1-424b-9868-57a2d4851a1d" />
    <TestList name="Все загруженные результаты" id="19431567-8539-422a-85d7-44ee4e166bda" />
  </TestLists>
  <ResultSummary outcome="Completed">
    <Counters total="32" executed="32" passed="32" failed="0" error="0" timeout="0" aborted="0" inconclusive="0" passedButRunAborted="0" notRunnable="0" notExecuted="0" disconnected="0" warning="0" completed="0" inProgress="0" pending="0" />
    <Output>
      <StdOut>[xUnit.net 00:00:00.00] xUnit.net VSTest Adapter v2.8.2+699d445a1a (64-bit .NET 9.0.11)&#xD;
[xUnit.net 00:00:00.05]   Discovering: CourseTests&#xD;
[xUnit.net 00:00:00.07]   Discovered:  CourseTests&#xD;
[xUnit.net 00:00:00.07]   Starting:    CourseTests&#xD;
     Warning:&#xD;
     The component "Fluent Assertions" is governed by the rules defined in the Xceed License Agreement and&#xD;
     the Xceed Fluent Assertions Community License. You may use Fluent Assertions free of charge for&#xD;
     non-commercial use only. An active subscription is required to use Fluent Assertions for commercial use.&#xD;
     Please contact Xceed Sales mailto:sales@xceed.com to acquire a subscription at a very low cost.&#xD;
     A paid commercial license supports the development and continued increasing support of&#xD;
     Fluent Assertions users under both commercial and community licenses. Help us&#xD;
     keep Fluent Assertions at the forefront of unit testing.&#xD;
     For more information, visit https://xceed.com/products/unit-testing/fluent-assertions/&#xD;
[xUnit.net 00:00:01.39]   Finished:    CourseTests&#xD;
</StdOut>
    </Output>
  </ResultSummary>
</TestRun>